// Jest Snapshot v1, https://goo.gl/fbAQLP

exports[`AddStudentButton renders correctly 1`] = `
<WithStyles(Button)
  aria-label="add"
  color="secondary"
  onClick={[Function]}
  variant="fab"
>
  <pure(Add) />
</WithStyles(Button)>
`;
