// Jest Snapshot v1, https://goo.gl/fbAQLP

exports[`App renders correctly when PUBLIC_URL is set 1`] = `
<Provider
  store={
    Object {
      "dispatch": [Function],
      "getState": [Function],
      "replaceReducer": [Function],
      "subscribe": [Function],
      Symbol(observable): [Function],
    }
  }
>
  <BrowserRouter>
    <div>
      <Switch>
        <Route
          component={[Function]}
          exact={true}
          path="/"
        />
      </Switch>
    </div>
  </BrowserRouter>
</Provider>
`;
